// Jest Snapshot v1, https://goo.gl/fbAQLP

exports[`pruebas en hooksapp component should match snapshot 1`] = `
<div>
  Hola Mundo
</div>
`;
